# Licenses list

<!--

This list is auto generated with go-licenses

run `task generate-third-party-licenses`

-->

## Dependencies (excluding all test dependencies)

| software     | license        |
| :----------: | :------------: |
{{ range . -}}
| {{ .Name }} | [{{ .LicenseName }}]({{ .LicenseURL }}) |
{{ end }}
