{
    "fork": false,
    "repoOwner": "org",
    "repoName": "repo",
    "autoMerge": true,
    "targetBranchChoices": null,
    "targetPRLabels": ["backport"],
    "branchLabelMapping": {"^v(\\d+).(\\d+).\\d+$":"v$1.$2.x"}
}