organization: org
top_level_license: MIT
matches:
  - type: go
    short: true
    extension: .go
    license: MIT