# Actions Testing

This is my test repo for testing out github actions configurations for development workflows.