labels:
  "no-changelog":
    color: "8f1402"
  "stale":
    color: "8f1402"
